---
source: tests/acceptance_tests.rs
assertion_line: 131
expression: output
---
    extended_pattern_matching_result::err_should_fail
    extended_pattern_matching_result::ok_should_fail
---- extended_pattern_matching_result::err_should_fail stdout ----
---- extended_pattern_matching_result::ok_should_fail stdout ----
error: test failed, to rerun pass '--lib'
failures:
failures:
running 5 tests
test extended_pattern_matching_result::err_should_fail ... FAILED
test extended_pattern_matching_result::ok_should_fail ... FAILED
test extended_pattern_matching_result::simpleenum_var1_expects_matching_ok_e_e_simpleenum_var1 ... ok
test extended_pattern_matching_result::simpleenum_var2_expects_matching_err_e_e_var2_ ... ok
test pattern_matching_result::simpleenum_var2_expects_matching_simpleenum_var2_ ... ok
test result: FAILED. 3 passed; 2 failed; 0 ignored; 0 measured; 0 filtered out; finished in 0.00s
thread 'extended_pattern_matching_result::err_should_fail' panicked at 'Expected `Err(e) if e == "var1"` found Err("var2")', src/lib.rs:16:1
thread 'extended_pattern_matching_result::ok_should_fail' panicked at 'Expected `Ok(e) if e == SimpleEnum :: Var2` found Ok(Var1)', src/lib.rs:16:1
