---
source: tests/acceptance_tests.rs
expression: output
---
running 7 tests
test ignore_supported::_12_expects_inconclusivematching_ok_ ... ignored
test is_even::_12_expects ... ok
test is_even::_13_expects ... ok
test is_odd_boxed::_12_expects ... ok
test is_odd_boxed::_13_expects ... ok
test panics_supported::_12_expects_panicking_none - should panic ... ok
test panics_supported::_13_expects_panicking_some_with_text_ - should panic ... ok
test result: ok. 6 passed; 0 failed; 1 ignored; 0 measured; 0 filtered out; finished in 0.00s
