---
source: tests/acceptance_tests.rs
assertion_line: 80
expression: output
---
running 4 tests
test inconclusives::_expects_inconclusive_ ... ignored
test inconclusives::ignore_keyword ... ignored
test inconclusives::inconclusive_test ... ignored
test inconclusives::test_is_not_ran ... ignored
test result: ok. 0 passed; 0 failed; 4 ignored; 0 measured; 0 filtered out; finished in 0.00s
