---
source: tests/acceptance_tests.rs
assertion_line: 112
expression: lines

---
     Running `target/debug/test_item_reuse`
thread 'main' panicked at 'Can't', src/lib.rs:33:5
