---
source: tests/acceptance_tests.rs
assertion_line: 90
expression: output
---
    is_even::_13_expects
    is_odd_boxed::_12_expects
  left: `1`,
  left: `1`,
---- is_even::_13_expects stdout ----
---- is_odd_boxed::_12_expects stdout ----
Error: "is even"
Error: "is odd"
failures:
failures:
running 7 tests
test ignore_supported::_12_expects_inconclusivematching_ok_ ... ignored
test is_even::_12_expects ... ok
test is_even::_13_expects ... FAILED
test is_odd_boxed::_12_expects ... FAILED
test is_odd_boxed::_13_expects ... ok
test panics_supported::_12_expects_panicking_none ... ok
test panics_supported::_13_expects_panicking_some_with_text_ ... ok
test result: FAILED. 4 passed; 2 failed; 1 ignored; 0 measured; 0 filtered out
thread 'is_even::_13_expects' panicked at 'assertion failed: `(left == right)`
thread 'is_odd_boxed::_12_expects' panicked at 'assertion failed: `(left == right)`
