---
source: tests/integration_tests.rs
assertion_line: 85
expression: output
---
    tests::is_even::_13_expects
    tests::is_odd_boxed::_12_expects
  left: `1`,
  left: `1`,
---- tests::is_even::_13_expects stdout ----
---- tests::is_odd_boxed::_12_expects stdout ----
Error: "is even"
Error: "is odd"
failures:
failures:
running 7 tests
test result: FAILED. 4 passed; 2 failed; 1 ignored; 0 measured; 0 filtered out
test tests::ignore_supported::_12_expects_inconclusivematching_ok_ ... ignored
test tests::is_even::_12_expects ... ok
test tests::is_even::_13_expects ... FAILED
test tests::is_odd_boxed::_12_expects ... FAILED
test tests::is_odd_boxed::_13_expects ... ok
test tests::panics_supported::_12_expects_panicking_none ... ok
test tests::panics_supported::_13_expects_panicking_some_with_text_ ... ok
thread 'tests::is_even::_13_expects' panicked at 'assertion failed: `(left == right)`
thread 'tests::is_odd_boxed::_12_expects' panicked at 'assertion failed: `(left == right)`
