---
source: tests/acceptance_tests.rs
assertion_line: 105
expression: output
---
running 4 tests
test result: ok. 4 passed; 0 failed; 0 ignored; 0 measured; 0 filtered out
test test_generics::source1_expects_1 ... ok
test test_generics::source2_expects_2 ... ok
test test_impl::source1_expects_1 ... ok
test test_impl::source2_expects_2 ... ok
