---
source: tests/acceptance_tests.rs
assertion_line: 100
expression: output
---
running 39 tests
test combinators::_0_3_expects_complex_gt_0_0_and_lt_1_0_or_gt_1_2 ... ok
test combinators::_0_7_expects_complex_gt_0_0_and_lt_1_0_or_gt_1_2 ... ok
test combinators::_1_0_expects_complex_gt_0_0_and_lt_5_0 ... ok
test combinators::_1_0_expects_complex_gt_0_0_or_lt_0_0 ... ok
test combinators::_1_0_expects_complex_gt_0_0_or_lt_1_5_and_lt_2_0 ... ok
test combinators::_2_0_expects_complex_gt_0_0_or_lt_0_0 ... ok
test combinators::_2_0_expects_complex_gt_0_0_or_lt_0_0_and_lt_1_0 ... ok
test combinators_with_arrays::vec_1_2_3_expects_complex_contains_1_and_contains_2_and_contains_in_order_2_3_ ... ok
test combinators_with_arrays::vec_1_2_3_expects_complex_contains_1_and_contains_3_or_contains_5 ... ok
test combinators_with_arrays::vec_1_2_3_expects_complex_contains_1_or_contains_4 ... ok
test combinators_with_arrays::vec_1_2_3_expects_complex_contains_1_or_contains_4_and_contains_2 ... ok
test combinators_with_arrays::vec_1_2_3_expects_complex_contains_6_and_contains_7_or_contains_1 ... ok
test combinators_with_arrays::vec_1_2_3_expects_complex_contains_6_and_contains_7_or_contains_1_and_contains_in_order_1_2_3_ ... ok
test complex_tests::almost_eq1 ... ok
test complex_tests::almost_eq2 ... ok
test complex_tests::eq1 ... ok
test complex_tests::eq2 ... ok
test complex_tests::geq1 ... ok
test complex_tests::geq2 ... ok
test complex_tests::gt1 ... ok
test complex_tests::gt2 ... ok
test complex_tests::leq1 ... ok
test complex_tests::leq2 ... ok
test complex_tests::lt1 ... ok
test complex_tests::lt2 ... ok
test contains_tests::vec_1_2_3_4_expects_complex_contains_1 ... ok
test contains_tests::vec_1_2_3_4_expects_complex_contains_in_order_3_4_ ... ok
test create_path::_cargo_toml_expects_complex_path_path ... ok
test create_path::_src_lib_rs_expects_complex_path_file ... ok
test create_path::long_dir ... ok
test create_path::short_dir ... ok
test in_parens::_2_0_expects_complex_eq_2_0 ... ok
test not_complex::_1_0_expects_complex_not_almost_2_1_p_0_01 ... ok
test not_complex::_1_0_expects_complex_not_eq_2_5 ... ok
test not_contains_tests::vec_1_2_3_4_expects_complex_not_contains_5 ... ok
test not_contains_tests::vec_1_2_3_4_expects_complex_not_contains_in_order_3_2_ ... ok
test not_path::_cargo_toml_parse_unwrap_expects_complex_not_path_dir ... ok
test not_path::_cargo_yaml_parse_unwrap_expects_complex_not_path_path ... ok
test not_path::_src_parse_unwrap_expects_complex_not_path_file ... ok
test result: ok. 39 passed; 0 failed; 0 ignored; 0 measured; 0 filtered out
