---
source: tests/acceptance_tests.rs
assertion_line: 95
expression: output
---
running 33 tests
test result: ok. 33 passed; 0 failed; 0 ignored; 0 measured; 0 filtered out
test test_cases::abs_tests::returns_0_for_0 ... ok
test test_cases::abs_tests::returns_given_number_for_positive_input ... ok
test test_cases::abs_tests::returns_opposite_number_for_non_positive_input ... ok
test test_cases::arg_expressions::_2_4_6_to_string_expects ... ok
test test_cases::bar::_expects_string_default_ ... ok
test test_cases::basic_test::_1_expects ... ok
test test_cases::const_in_arg::this_is_desc_not_an_argument ... ok
test test_cases::fancy_addition::some_2_3_some_4_expects_2_3_4 ... ok
test test_cases::fancy_addition::some_2_some_3_expects_5 ... ok
test test_cases::fancy_addition::treats_none_as_0 ... ok
test test_cases::impl_trait::_foo_expects ... ok
test test_cases::keyword_test::true_expects ... ok
test test_cases::leading_underscore_in_test_name::_dummy_expects ... ok
test test_cases::lowercase_test_name::_dummy_code_expects ... ok
test test_cases::multiple_test_cases::_2_expects ... ok
test test_cases::multiple_test_cases::_4_expects ... ok
test test_cases::multiplication_tests::when_both_operands_are_negative ... ok
test test_cases::multiplication_tests::when_both_operands_are_possitive ... ok
test test_cases::multiplication_tests::when_operands_are_swapped ... ok
test test_cases::name::_2nd_test ... ok
test test_cases::name::_4_5_expects ... ok
test test_cases::name::test_1_8_9 ... ok
test test_cases::name::test_3_6_9 ... ok
test test_cases::nested::nested_test_case::_1_1_expects ... ok
test test_cases::nested::using_fn_from_super::_20_22_expects ... ok
test test_cases::nested::using_fn_from_super::_42_expects ... ok
test test_cases::result::_2_expects_4 ... ok
test test_cases::result::_4_expects_8 ... ok
test test_cases::result_and_name::_4_5_expects_9 ... ok
test test_cases::result_and_name::test_no_1 ... ok
test test_cases::result_expresion_with_name::test_result_expression ... ok
test test_cases::result_expression::_2_2_expects_2_2 ... ok
test test_cases::result_with_mod_sep::_42_expects_std_string_string_new_ ... ok
